Archive member included to satisfy reference by file (symbol)

c:/users/win10/downloads/avr~/avr/bin/../lib/gcc/avr/7.3.0/avr5\libgcc.a(_udivmodhi4.o)
                              main.o (__udivmodhi4)
c:/users/win10/downloads/avr~/avr/bin/../lib/gcc/avr/7.3.0/avr5\libgcc.a(_exit.o)
                              c:/users/win10/downloads/avr~/avr/bin/../lib/gcc/avr/7.3.0/../../../../avr/lib/avr5/crtatmega32.o (exit)
c:/users/win10/downloads/avr~/avr/bin/../lib/gcc/avr/7.3.0/avr5\libgcc.a(_copy_data.o)
                              main.o (__do_copy_data)
c:/users/win10/downloads/avr~/avr/bin/../lib/gcc/avr/7.3.0/../../../../avr/lib/avr5\libm.a(fixunssfsi.o)
                              LM35_Interface.o (__fixunssfsi)
c:/users/win10/downloads/avr~/avr/bin/../lib/gcc/avr/7.3.0/../../../../avr/lib/avr5\libm.a(floatsisf.o)
                              LM35_Interface.o (__floatunsisf)
c:/users/win10/downloads/avr~/avr/bin/../lib/gcc/avr/7.3.0/../../../../avr/lib/avr5\libm.a(fp_split3.o)
                              c:/users/win10/downloads/avr~/avr/bin/../lib/gcc/avr/7.3.0/../../../../avr/lib/avr5\libm.a(fixunssfsi.o) (__fp_splitA)
c:/users/win10/downloads/avr~/avr/bin/../lib/gcc/avr/7.3.0/../../../../avr/lib/avr5\libm.a(fp_zero.o)
                              c:/users/win10/downloads/avr~/avr/bin/../lib/gcc/avr/7.3.0/../../../../avr/lib/avr5\libm.a(fixunssfsi.o) (__fp_zero)
c:/users/win10/downloads/avr~/avr/bin/../lib/gcc/avr/7.3.0/../../../../avr/lib/avr5\libm.a(mulsf3.o)
                              LM35_Interface.o (__mulsf3)
c:/users/win10/downloads/avr~/avr/bin/../lib/gcc/avr/7.3.0/../../../../avr/lib/avr5\libm.a(mulsf3x.o)
                              c:/users/win10/downloads/avr~/avr/bin/../lib/gcc/avr/7.3.0/../../../../avr/lib/avr5\libm.a(mulsf3.o) (__mulsf3x)
c:/users/win10/downloads/avr~/avr/bin/../lib/gcc/avr/7.3.0/../../../../avr/lib/avr5\libm.a(fp_inf.o)
                              c:/users/win10/downloads/avr~/avr/bin/../lib/gcc/avr/7.3.0/../../../../avr/lib/avr5\libm.a(mulsf3x.o) (__fp_inf)
c:/users/win10/downloads/avr~/avr/bin/../lib/gcc/avr/7.3.0/../../../../avr/lib/avr5\libm.a(fp_nan.o)
                              c:/users/win10/downloads/avr~/avr/bin/../lib/gcc/avr/7.3.0/../../../../avr/lib/avr5\libm.a(mulsf3x.o) (__fp_nan)
c:/users/win10/downloads/avr~/avr/bin/../lib/gcc/avr/7.3.0/../../../../avr/lib/avr5\libm.a(fp_pscA.o)
                              c:/users/win10/downloads/avr~/avr/bin/../lib/gcc/avr/7.3.0/../../../../avr/lib/avr5\libm.a(mulsf3x.o) (__fp_pscA)
c:/users/win10/downloads/avr~/avr/bin/../lib/gcc/avr/7.3.0/../../../../avr/lib/avr5\libm.a(fp_pscB.o)
                              c:/users/win10/downloads/avr~/avr/bin/../lib/gcc/avr/7.3.0/../../../../avr/lib/avr5\libm.a(mulsf3x.o) (__fp_pscB)
c:/users/win10/downloads/avr~/avr/bin/../lib/gcc/avr/7.3.0/../../../../avr/lib/avr5\libm.a(fp_round.o)
                              c:/users/win10/downloads/avr~/avr/bin/../lib/gcc/avr/7.3.0/../../../../avr/lib/avr5\libm.a(mulsf3.o) (__fp_round)

Memory Configuration

Name             Origin             Length             Attributes
text             0x00000000         0x00020000         xr
data             0x00800060         0x0000ffa0         rw !x
eeprom           0x00810000         0x00010000         rw !x
fuse             0x00820000         0x00000002         rw !x
lock             0x00830000         0x00000400         rw !x
signature        0x00840000         0x00000400         rw !x
user_signatures  0x00850000         0x00000400         rw !x
*default*        0x00000000         0xffffffff

Linker script and memory map

LOAD c:/users/win10/downloads/avr~/avr/bin/../lib/gcc/avr/7.3.0/../../../../avr/lib/avr5/crtatmega32.o
LOAD main.o
LOAD DIO_prog.o
LOAD ADC_prog.o
LOAD EXT0_prog.o
LOAD GIE_prog.o
LOAD TIMER0_prog.o
LOAD UART_prog.o
LOAD SPI_prog.o
LOAD EEPROM_prog.o
LOAD KEYPAD_prog.o
LOAD LCD_prog.o
LOAD MENU.o
LOAD RELAY_prog.o
LOAD LM35_Interface.o
LOAD MOTOR_Interface.o
LOAD BUZZER_prog.o
START GROUP
LOAD c:/users/win10/downloads/avr~/avr/bin/../lib/gcc/avr/7.3.0/avr5\libgcc.a
LOAD c:/users/win10/downloads/avr~/avr/bin/../lib/gcc/avr/7.3.0/../../../../avr/lib/avr5\libm.a
LOAD c:/users/win10/downloads/avr~/avr/bin/../lib/gcc/avr/7.3.0/../../../../avr/lib/avr5\libc.a
LOAD c:/users/win10/downloads/avr~/avr/bin/../lib/gcc/avr/7.3.0/../../../../avr/lib/avr5\libatmega32.a
END GROUP
                0x00020000                __TEXT_REGION_LENGTH__ = DEFINED (__TEXT_REGION_LENGTH__)?__TEXT_REGION_LENGTH__:0x20000
                0x0000ffa0                __DATA_REGION_LENGTH__ = DEFINED (__DATA_REGION_LENGTH__)?__DATA_REGION_LENGTH__:0xffa0
                0x00010000                __EEPROM_REGION_LENGTH__ = DEFINED (__EEPROM_REGION_LENGTH__)?__EEPROM_REGION_LENGTH__:0x10000
                [0x00000002]                __FUSE_REGION_LENGTH__ = DEFINED (__FUSE_REGION_LENGTH__)?__FUSE_REGION_LENGTH__:0x400
                0x00000400                __LOCK_REGION_LENGTH__ = DEFINED (__LOCK_REGION_LENGTH__)?__LOCK_REGION_LENGTH__:0x400
                0x00000400                __SIGNATURE_REGION_LENGTH__ = DEFINED (__SIGNATURE_REGION_LENGTH__)?__SIGNATURE_REGION_LENGTH__:0x400
                0x00000400                __USER_SIGNATURE_REGION_LENGTH__ = DEFINED (__USER_SIGNATURE_REGION_LENGTH__)?__USER_SIGNATURE_REGION_LENGTH__:0x400
                0x00800060                __DATA_REGION_ORIGIN__ = DEFINED (__DATA_REGION_ORIGIN__)?__DATA_REGION_ORIGIN__:0x800060

.hash
 *(.hash)

.dynsym
 *(.dynsym)

.dynstr
 *(.dynstr)

.gnu.version
 *(.gnu.version)

.gnu.version_d
 *(.gnu.version_d)

.gnu.version_r
 *(.gnu.version_r)

.rel.init
 *(.rel.init)

.rela.init
 *(.rela.init)

.rel.text
 *(.rel.text)
 *(.rel.text.*)
 *(.rel.gnu.linkonce.t*)

.rela.text
 *(.rela.text)
 *(.rela.text.*)
 *(.rela.gnu.linkonce.t*)

.rel.fini
 *(.rel.fini)

.rela.fini
 *(.rela.fini)

.rel.rodata
 *(.rel.rodata)
 *(.rel.rodata.*)
 *(.rel.gnu.linkonce.r*)

.rela.rodata
 *(.rela.rodata)
 *(.rela.rodata.*)
 *(.rela.gnu.linkonce.r*)

.rel.data
 *(.rel.data)
 *(.rel.data.*)
 *(.rel.gnu.linkonce.d*)

.rela.data
 *(.rela.data)
 *(.rela.data.*)
 *(.rela.gnu.linkonce.d*)

.rel.ctors
 *(.rel.ctors)

.rela.ctors
 *(.rela.ctors)

.rel.dtors
 *(.rel.dtors)

.rela.dtors
 *(.rela.dtors)

.rel.got
 *(.rel.got)

.rela.got
 *(.rela.got)

.rel.bss
 *(.rel.bss)

.rela.bss
 *(.rela.bss)

.rel.plt
 *(.rel.plt)

.rela.plt
 *(.rela.plt)

.text           0x00000000     0x14ce
 *(.vectors)
 .vectors       0x00000000       0x54 c:/users/win10/downloads/avr~/avr/bin/../lib/gcc/avr/7.3.0/../../../../avr/lib/avr5/crtatmega32.o
                0x00000000                __vector_default
                0x00000000                __vectors
 *(.vectors)
 *(.progmem.gcc*)
                0x00000054                . = ALIGN (0x2)
                0x00000054                __trampolines_start = .
 *(.trampolines)
 .trampolines   0x00000054        0x0 linker stubs
 *(.trampolines*)
                0x00000054                __trampolines_end = .
 *libprintf_flt.a:*(.progmem.data)
 *libc.a:*(.progmem.data)
 *(.progmem*)
                0x00000054                . = ALIGN (0x2)
 *(.jumptables)
 *(.jumptables*)
 *(.lowtext)
 *(.lowtext*)
                0x00000054                __ctors_start = .
 *(.ctors)
                0x00000054                __ctors_end = .
                0x00000054                __dtors_start = .
 *(.dtors)
                0x00000054                __dtors_end = .
 SORT(*)(.ctors)
 SORT(*)(.dtors)
 *(.init0)
 .init0         0x00000054        0x0 c:/users/win10/downloads/avr~/avr/bin/../lib/gcc/avr/7.3.0/../../../../avr/lib/avr5/crtatmega32.o
                0x00000054                __init
 *(.init0)
 *(.init1)
 *(.init1)
 *(.init2)
 .init2         0x00000054        0xc c:/users/win10/downloads/avr~/avr/bin/../lib/gcc/avr/7.3.0/../../../../avr/lib/avr5/crtatmega32.o
 *(.init2)
 *(.init3)
 *(.init3)
 *(.init4)
 .init4         0x00000060       0x16 c:/users/win10/downloads/avr~/avr/bin/../lib/gcc/avr/7.3.0/avr5\libgcc.a(_copy_data.o)
                0x00000060                __do_copy_data
 *(.init4)
 *(.init5)
 *(.init5)
 *(.init6)
 *(.init6)
 *(.init7)
 *(.init7)
 *(.init8)
 *(.init8)
 *(.init9)
 .init9         0x00000076        0x8 c:/users/win10/downloads/avr~/avr/bin/../lib/gcc/avr/7.3.0/../../../../avr/lib/avr5/crtatmega32.o
 *(.init9)
 *(.text)
 .text          0x0000007e        0x4 c:/users/win10/downloads/avr~/avr/bin/../lib/gcc/avr/7.3.0/../../../../avr/lib/avr5/crtatmega32.o
                0x0000007e                __vector_12
                0x0000007e                __bad_interrupt
                0x0000007e                __vector_6
                0x0000007e                __vector_3
                0x0000007e                __vector_11
                0x0000007e                __vector_13
                0x0000007e                __vector_17
                0x0000007e                __vector_19
                0x0000007e                __vector_7
                0x0000007e                __vector_5
                0x0000007e                __vector_4
                0x0000007e                __vector_9
                0x0000007e                __vector_2
                0x0000007e                __vector_15
                0x0000007e                __vector_8
                0x0000007e                __vector_14
                0x0000007e                __vector_10
                0x0000007e                __vector_16
                0x0000007e                __vector_18
                0x0000007e                __vector_20
 .text          0x00000082       0x88 main.o
                0x00000082                __vector_1
 .text          0x0000010a      0x1d4 DIO_prog.o
                0x0000010a                DIO_voidSetPinDir
                0x000001dc                DIO_voidSetPinVal
                0x000002ae                DIO_u8GetPinVal
 .text          0x000002de       0x2a ADC_prog.o
                0x000002de                ADC_Initialization
                0x000002fc                ADC_READ
 .text          0x00000308       0x26 EXT0_prog.o
                0x00000308                EXT0_init
                0x00000316                EXT0_enable
                0x0000031e                EXT0_disable
                0x00000326                EXT0_clear_flag
 .text          0x0000032e       0x10 GIE_prog.o
                0x0000032e                GIE_enable
                0x00000336                GIE_disable
 .text          0x0000033e       0x70 TIMER0_prog.o
                0x0000033e                TIMER0_void_Init
                0x00000386                TIMER0_void_SetTimerReg
                0x0000038a                TIMER0_void_SetCompareVal
                0x0000038e                TIMER0_void_EnableOVInt
                0x00000396                TIMER0_void_DisableOVInt
                0x0000039e                TIMER0_void_EnableCTCInt
                0x000003a6                TIMER0_void_DisableCTCInt
 .text          0x000003ae       0x32 UART_prog.o
                0x000003ae                UART_Initialize
                0x000003c6                UART_Received
                0x000003ce                UART_SENDSTRING
 .text          0x000003e0       0x1c SPI_prog.o
                0x000003e0                SPIint
                0x000003f2                TransferData
 .text          0x000003fc       0x82 EEPROM_prog.o
                0x000003fc                EEPROM_ui8ReadByteFromAddress
                0x0000040a                EEPROM_vReadBlockFromAddress
                0x00000432                EEPROM_vWriteByteToAddress
                0x0000044a                EEPROM_vWriteBlockToAddress
 .text          0x0000047e      0x21e KEYPAD_prog.o
                0x0000047e                KEYPAD_voidInit
                0x000004f6                KEYPAD_u8GetButton
 .text          0x0000069c      0x24c LCD_prog.o
                0x0000069c                lcd_display_data
                0x00000718                lcd_display_inist
                0x00000794                lcd_init
                0x0000086c                lcd_display_string
                0x00000892                lcd_clear
                0x000008a6                lcd_setcursor
                0x000008be                LCD_voidCustomChar
 .text          0x000008e8       0x16 MENU.o
                0x000008e8                ui8ComparePass
 .text          0x000008fe       0x12 RELAY_prog.o
                0x000008fe                relay_init
                0x00000904                relay_on
                0x0000090a                relay_off
 .text          0x00000910       0x22 LM35_Interface.o
                0x00000910                First_LM35_read
 .text          0x00000932       0xe6 MOTOR_Interface.o
                0x00000932                Motor_Initialize
                0x0000096e                Motor_ON
                0x000009f4                Motor_OFF
 .text          0x00000a18       0x12 BUZZER_prog.o
                0x00000a18                buzzer_init
                0x00000a1e                buzzer_on
                0x00000a24                buzzer_off
 .text          0x00000a2a        0x0 c:/users/win10/downloads/avr~/avr/bin/../lib/gcc/avr/7.3.0/avr5\libgcc.a(_udivmodhi4.o)
 .text          0x00000a2a        0x0 c:/users/win10/downloads/avr~/avr/bin/../lib/gcc/avr/7.3.0/avr5\libgcc.a(_exit.o)
 .text          0x00000a2a        0x0 c:/users/win10/downloads/avr~/avr/bin/../lib/gcc/avr/7.3.0/avr5\libgcc.a(_copy_data.o)
 .text          0x00000a2a        0x0 c:/users/win10/downloads/avr~/avr/bin/../lib/gcc/avr/7.3.0/../../../../avr/lib/avr5\libm.a(fixunssfsi.o)
 .text          0x00000a2a        0x0 c:/users/win10/downloads/avr~/avr/bin/../lib/gcc/avr/7.3.0/../../../../avr/lib/avr5\libm.a(floatsisf.o)
 .text          0x00000a2a        0x0 c:/users/win10/downloads/avr~/avr/bin/../lib/gcc/avr/7.3.0/../../../../avr/lib/avr5\libm.a(fp_split3.o)
 .text          0x00000a2a        0x0 c:/users/win10/downloads/avr~/avr/bin/../lib/gcc/avr/7.3.0/../../../../avr/lib/avr5\libm.a(fp_zero.o)
 .text          0x00000a2a        0x0 c:/users/win10/downloads/avr~/avr/bin/../lib/gcc/avr/7.3.0/../../../../avr/lib/avr5\libm.a(mulsf3.o)
 .text          0x00000a2a        0x0 c:/users/win10/downloads/avr~/avr/bin/../lib/gcc/avr/7.3.0/../../../../avr/lib/avr5\libm.a(mulsf3x.o)
 .text          0x00000a2a        0x0 c:/users/win10/downloads/avr~/avr/bin/../lib/gcc/avr/7.3.0/../../../../avr/lib/avr5\libm.a(fp_inf.o)
 .text          0x00000a2a        0x0 c:/users/win10/downloads/avr~/avr/bin/../lib/gcc/avr/7.3.0/../../../../avr/lib/avr5\libm.a(fp_nan.o)
 .text          0x00000a2a        0x0 c:/users/win10/downloads/avr~/avr/bin/../lib/gcc/avr/7.3.0/../../../../avr/lib/avr5\libm.a(fp_pscA.o)
 .text          0x00000a2a        0x0 c:/users/win10/downloads/avr~/avr/bin/../lib/gcc/avr/7.3.0/../../../../avr/lib/avr5\libm.a(fp_pscB.o)
 .text          0x00000a2a        0x0 c:/users/win10/downloads/avr~/avr/bin/../lib/gcc/avr/7.3.0/../../../../avr/lib/avr5\libm.a(fp_round.o)
                0x00000a2a                . = ALIGN (0x2)
 *(.text.*)
 .text.startup  0x00000a2a      0x824 main.o
                0x00000a2a                main
 .text.libgcc.mul
                0x0000124e        0x0 c:/users/win10/downloads/avr~/avr/bin/../lib/gcc/avr/7.3.0/avr5\libgcc.a(_udivmodhi4.o)
 .text.libgcc.div
                0x0000124e       0x28 c:/users/win10/downloads/avr~/avr/bin/../lib/gcc/avr/7.3.0/avr5\libgcc.a(_udivmodhi4.o)
                0x0000124e                __udivmodhi4
 .text.libgcc   0x00001276        0x0 c:/users/win10/downloads/avr~/avr/bin/../lib/gcc/avr/7.3.0/avr5\libgcc.a(_udivmodhi4.o)
 .text.libgcc.prologue
                0x00001276        0x0 c:/users/win10/downloads/avr~/avr/bin/../lib/gcc/avr/7.3.0/avr5\libgcc.a(_udivmodhi4.o)
 .text.libgcc.builtins
                0x00001276        0x0 c:/users/win10/downloads/avr~/avr/bin/../lib/gcc/avr/7.3.0/avr5\libgcc.a(_udivmodhi4.o)
 .text.libgcc.fmul
                0x00001276        0x0 c:/users/win10/downloads/avr~/avr/bin/../lib/gcc/avr/7.3.0/avr5\libgcc.a(_udivmodhi4.o)
 .text.libgcc.fixed
                0x00001276        0x0 c:/users/win10/downloads/avr~/avr/bin/../lib/gcc/avr/7.3.0/avr5\libgcc.a(_udivmodhi4.o)
 .text.libgcc.mul
                0x00001276        0x0 c:/users/win10/downloads/avr~/avr/bin/../lib/gcc/avr/7.3.0/avr5\libgcc.a(_exit.o)
 .text.libgcc.div
                0x00001276        0x0 c:/users/win10/downloads/avr~/avr/bin/../lib/gcc/avr/7.3.0/avr5\libgcc.a(_exit.o)
 .text.libgcc   0x00001276        0x0 c:/users/win10/downloads/avr~/avr/bin/../lib/gcc/avr/7.3.0/avr5\libgcc.a(_exit.o)
 .text.libgcc.prologue
                0x00001276        0x0 c:/users/win10/downloads/avr~/avr/bin/../lib/gcc/avr/7.3.0/avr5\libgcc.a(_exit.o)
 .text.libgcc.builtins
                0x00001276        0x0 c:/users/win10/downloads/avr~/avr/bin/../lib/gcc/avr/7.3.0/avr5\libgcc.a(_exit.o)
 .text.libgcc.fmul
                0x00001276        0x0 c:/users/win10/downloads/avr~/avr/bin/../lib/gcc/avr/7.3.0/avr5\libgcc.a(_exit.o)
 .text.libgcc.fixed
                0x00001276        0x0 c:/users/win10/downloads/avr~/avr/bin/../lib/gcc/avr/7.3.0/avr5\libgcc.a(_exit.o)
 .text.libgcc.mul
                0x00001276        0x0 c:/users/win10/downloads/avr~/avr/bin/../lib/gcc/avr/7.3.0/avr5\libgcc.a(_copy_data.o)
 .text.libgcc.div
                0x00001276        0x0 c:/users/win10/downloads/avr~/avr/bin/../lib/gcc/avr/7.3.0/avr5\libgcc.a(_copy_data.o)
 .text.libgcc   0x00001276        0x0 c:/users/win10/downloads/avr~/avr/bin/../lib/gcc/avr/7.3.0/avr5\libgcc.a(_copy_data.o)
 .text.libgcc.prologue
                0x00001276        0x0 c:/users/win10/downloads/avr~/avr/bin/../lib/gcc/avr/7.3.0/avr5\libgcc.a(_copy_data.o)
 .text.libgcc.builtins
                0x00001276        0x0 c:/users/win10/downloads/avr~/avr/bin/../lib/gcc/avr/7.3.0/avr5\libgcc.a(_copy_data.o)
 .text.libgcc.fmul
                0x00001276        0x0 c:/users/win10/downloads/avr~/avr/bin/../lib/gcc/avr/7.3.0/avr5\libgcc.a(_copy_data.o)
 .text.libgcc.fixed
                0x00001276        0x0 c:/users/win10/downloads/avr~/avr/bin/../lib/gcc/avr/7.3.0/avr5\libgcc.a(_copy_data.o)
 .text.avr-libc.fplib
                0x00001276       0x5e c:/users/win10/downloads/avr~/avr/bin/../lib/gcc/avr/7.3.0/../../../../avr/lib/avr5\libm.a(fixunssfsi.o)
                0x00001276                __fixunssfsi
 .text.avr-libc.fplib
                0x000012d4       0x7a c:/users/win10/downloads/avr~/avr/bin/../lib/gcc/avr/7.3.0/../../../../avr/lib/avr5\libm.a(floatsisf.o)
                0x000012d4                __floatunsisf
                0x000012d8                __floatsisf
 .text.avr-libc.fplib
                0x0000134e       0x44 c:/users/win10/downloads/avr~/avr/bin/../lib/gcc/avr/7.3.0/../../../../avr/lib/avr5\libm.a(fp_split3.o)
                0x0000134e                __fp_split3
                0x0000135e                __fp_splitA
 .text.avr-libc.fplib
                0x00001392        0xe c:/users/win10/downloads/avr~/avr/bin/../lib/gcc/avr/7.3.0/../../../../avr/lib/avr5\libm.a(fp_zero.o)
                0x00001392                __fp_zero
                0x00001394                __fp_szero
 .text.avr-libc.fplib
                0x000013a0        0x8 c:/users/win10/downloads/avr~/avr/bin/../lib/gcc/avr/7.3.0/../../../../avr/lib/avr5\libm.a(mulsf3.o)
                0x000013a0                __mulsf3
 .text.avr-libc.fplib
                0x000013a8       0xd2 c:/users/win10/downloads/avr~/avr/bin/../lib/gcc/avr/7.3.0/../../../../avr/lib/avr5\libm.a(mulsf3x.o)
                0x000013c6                __mulsf3x
                0x000013cc                __mulsf3_pse
 .text.avr-libc.fplib
                0x0000147a        0xc c:/users/win10/downloads/avr~/avr/bin/../lib/gcc/avr/7.3.0/../../../../avr/lib/avr5\libm.a(fp_inf.o)
                0x0000147a                __fp_inf
 .text.avr-libc.fplib
                0x00001486        0x6 c:/users/win10/downloads/avr~/avr/bin/../lib/gcc/avr/7.3.0/../../../../avr/lib/avr5\libm.a(fp_nan.o)
                0x00001486                __fp_nan
 .text.avr-libc.fplib
                0x0000148c        0xe c:/users/win10/downloads/avr~/avr/bin/../lib/gcc/avr/7.3.0/../../../../avr/lib/avr5\libm.a(fp_pscA.o)
                0x0000148c                __fp_pscA
 .text.avr-libc.fplib
                0x0000149a        0xe c:/users/win10/downloads/avr~/avr/bin/../lib/gcc/avr/7.3.0/../../../../avr/lib/avr5\libm.a(fp_pscB.o)
                0x0000149a                __fp_pscB
 .text.avr-libc.fplib
                0x000014a8       0x22 c:/users/win10/downloads/avr~/avr/bin/../lib/gcc/avr/7.3.0/../../../../avr/lib/avr5\libm.a(fp_round.o)
                0x000014a8                __fp_round
                0x000014ca                . = ALIGN (0x2)
 *(.fini9)
 .fini9         0x000014ca        0x0 c:/users/win10/downloads/avr~/avr/bin/../lib/gcc/avr/7.3.0/avr5\libgcc.a(_exit.o)
                0x000014ca                _exit
                0x000014ca                exit
 *(.fini9)
 *(.fini8)
 *(.fini8)
 *(.fini7)
 *(.fini7)
 *(.fini6)
 *(.fini6)
 *(.fini5)
 *(.fini5)
 *(.fini4)
 *(.fini4)
 *(.fini3)
 *(.fini3)
 *(.fini2)
 *(.fini2)
 *(.fini1)
 *(.fini1)
 *(.fini0)
 .fini0         0x000014ca        0x4 c:/users/win10/downloads/avr~/avr/bin/../lib/gcc/avr/7.3.0/avr5\libgcc.a(_exit.o)
 *(.fini0)
                0x000014ce                _etext = .

.data           0x00800060      0x372 load address 0x000014ce
                0x00800060                PROVIDE (__data_start, .)
 *(.data)
 .data          0x00800060        0x0 c:/users/win10/downloads/avr~/avr/bin/../lib/gcc/avr/7.3.0/../../../../avr/lib/avr5/crtatmega32.o
 .data          0x00800060        0x1 main.o
 .data          0x00800061        0x0 DIO_prog.o
 .data          0x00800061        0x0 ADC_prog.o
 .data          0x00800061        0x0 EXT0_prog.o
 .data          0x00800061        0x0 GIE_prog.o
 .data          0x00800061        0x0 TIMER0_prog.o
 .data          0x00800061        0x0 UART_prog.o
 .data          0x00800061        0x0 SPI_prog.o
 .data          0x00800061        0x0 EEPROM_prog.o
 .data          0x00800061        0x0 KEYPAD_prog.o
 .data          0x00800061        0x0 LCD_prog.o
 .data          0x00800061        0x0 MENU.o
 .data          0x00800061        0x0 RELAY_prog.o
 .data          0x00800061        0x0 LM35_Interface.o
 .data          0x00800061        0x0 MOTOR_Interface.o
 .data          0x00800061        0x0 BUZZER_prog.o
 .data          0x00800061        0x0 c:/users/win10/downloads/avr~/avr/bin/../lib/gcc/avr/7.3.0/avr5\libgcc.a(_udivmodhi4.o)
 .data          0x00800061        0x0 c:/users/win10/downloads/avr~/avr/bin/../lib/gcc/avr/7.3.0/avr5\libgcc.a(_exit.o)
 .data          0x00800061        0x0 c:/users/win10/downloads/avr~/avr/bin/../lib/gcc/avr/7.3.0/avr5\libgcc.a(_copy_data.o)
 .data          0x00800061        0x0 c:/users/win10/downloads/avr~/avr/bin/../lib/gcc/avr/7.3.0/../../../../avr/lib/avr5\libm.a(fixunssfsi.o)
 .data          0x00800061        0x0 c:/users/win10/downloads/avr~/avr/bin/../lib/gcc/avr/7.3.0/../../../../avr/lib/avr5\libm.a(floatsisf.o)
 .data          0x00800061        0x0 c:/users/win10/downloads/avr~/avr/bin/../lib/gcc/avr/7.3.0/../../../../avr/lib/avr5\libm.a(fp_split3.o)
 .data          0x00800061        0x0 c:/users/win10/downloads/avr~/avr/bin/../lib/gcc/avr/7.3.0/../../../../avr/lib/avr5\libm.a(fp_zero.o)
 .data          0x00800061        0x0 c:/users/win10/downloads/avr~/avr/bin/../lib/gcc/avr/7.3.0/../../../../avr/lib/avr5\libm.a(mulsf3.o)
 .data          0x00800061        0x0 c:/users/win10/downloads/avr~/avr/bin/../lib/gcc/avr/7.3.0/../../../../avr/lib/avr5\libm.a(mulsf3x.o)
 .data          0x00800061        0x0 c:/users/win10/downloads/avr~/avr/bin/../lib/gcc/avr/7.3.0/../../../../avr/lib/avr5\libm.a(fp_inf.o)
 .data          0x00800061        0x0 c:/users/win10/downloads/avr~/avr/bin/../lib/gcc/avr/7.3.0/../../../../avr/lib/avr5\libm.a(fp_nan.o)
 .data          0x00800061        0x0 c:/users/win10/downloads/avr~/avr/bin/../lib/gcc/avr/7.3.0/../../../../avr/lib/avr5\libm.a(fp_pscA.o)
 .data          0x00800061        0x0 c:/users/win10/downloads/avr~/avr/bin/../lib/gcc/avr/7.3.0/../../../../avr/lib/avr5\libm.a(fp_pscB.o)
 .data          0x00800061        0x0 c:/users/win10/downloads/avr~/avr/bin/../lib/gcc/avr/7.3.0/../../../../avr/lib/avr5\libm.a(fp_round.o)
 *(.data*)
 *(.gnu.linkonce.d*)
 *(.rodata)
 .rodata        0x00800061        0x4 main.o
 *(.rodata*)
 .rodata.str1.1
                0x00800065      0x36c main.o
 *(.gnu.linkonce.r*)
                0x008003d2                . = ALIGN (0x2)
 *fill*         0x008003d1        0x1 
                0x008003d2                _edata = .
                0x008003d2                PROVIDE (__data_end, .)

.bss            0x008003d2        0x0
                [!provide]                PROVIDE (__bss_start, .)
 *(.bss)
 .bss           0x008003d2        0x0 c:/users/win10/downloads/avr~/avr/bin/../lib/gcc/avr/7.3.0/../../../../avr/lib/avr5/crtatmega32.o
 .bss           0x008003d2        0x0 main.o
 .bss           0x008003d2        0x0 DIO_prog.o
 .bss           0x008003d2        0x0 ADC_prog.o
 .bss           0x008003d2        0x0 EXT0_prog.o
 .bss           0x008003d2        0x0 GIE_prog.o
 .bss           0x008003d2        0x0 TIMER0_prog.o
 .bss           0x008003d2        0x0 UART_prog.o
 .bss           0x008003d2        0x0 SPI_prog.o
 .bss           0x008003d2        0x0 EEPROM_prog.o
 .bss           0x008003d2        0x0 KEYPAD_prog.o
 .bss           0x008003d2        0x0 LCD_prog.o
 .bss           0x008003d2        0x0 MENU.o
 .bss           0x008003d2        0x0 RELAY_prog.o
 .bss           0x008003d2        0x0 LM35_Interface.o
 .bss           0x008003d2        0x0 MOTOR_Interface.o
 .bss           0x008003d2        0x0 BUZZER_prog.o
 .bss           0x008003d2        0x0 c:/users/win10/downloads/avr~/avr/bin/../lib/gcc/avr/7.3.0/avr5\libgcc.a(_udivmodhi4.o)
 .bss           0x008003d2        0x0 c:/users/win10/downloads/avr~/avr/bin/../lib/gcc/avr/7.3.0/avr5\libgcc.a(_exit.o)
 .bss           0x008003d2        0x0 c:/users/win10/downloads/avr~/avr/bin/../lib/gcc/avr/7.3.0/avr5\libgcc.a(_copy_data.o)
 .bss           0x008003d2        0x0 c:/users/win10/downloads/avr~/avr/bin/../lib/gcc/avr/7.3.0/../../../../avr/lib/avr5\libm.a(fixunssfsi.o)
 .bss           0x008003d2        0x0 c:/users/win10/downloads/avr~/avr/bin/../lib/gcc/avr/7.3.0/../../../../avr/lib/avr5\libm.a(floatsisf.o)
 .bss           0x008003d2        0x0 c:/users/win10/downloads/avr~/avr/bin/../lib/gcc/avr/7.3.0/../../../../avr/lib/avr5\libm.a(fp_split3.o)
 .bss           0x008003d2        0x0 c:/users/win10/downloads/avr~/avr/bin/../lib/gcc/avr/7.3.0/../../../../avr/lib/avr5\libm.a(fp_zero.o)
 .bss           0x008003d2        0x0 c:/users/win10/downloads/avr~/avr/bin/../lib/gcc/avr/7.3.0/../../../../avr/lib/avr5\libm.a(mulsf3.o)
 .bss           0x008003d2        0x0 c:/users/win10/downloads/avr~/avr/bin/../lib/gcc/avr/7.3.0/../../../../avr/lib/avr5\libm.a(mulsf3x.o)
 .bss           0x008003d2        0x0 c:/users/win10/downloads/avr~/avr/bin/../lib/gcc/avr/7.3.0/../../../../avr/lib/avr5\libm.a(fp_inf.o)
 .bss           0x008003d2        0x0 c:/users/win10/downloads/avr~/avr/bin/../lib/gcc/avr/7.3.0/../../../../avr/lib/avr5\libm.a(fp_nan.o)
 .bss           0x008003d2        0x0 c:/users/win10/downloads/avr~/avr/bin/../lib/gcc/avr/7.3.0/../../../../avr/lib/avr5\libm.a(fp_pscA.o)
 .bss           0x008003d2        0x0 c:/users/win10/downloads/avr~/avr/bin/../lib/gcc/avr/7.3.0/../../../../avr/lib/avr5\libm.a(fp_pscB.o)
 .bss           0x008003d2        0x0 c:/users/win10/downloads/avr~/avr/bin/../lib/gcc/avr/7.3.0/../../../../avr/lib/avr5\libm.a(fp_round.o)
 *(.bss*)
 *(COMMON)
                [!provide]                PROVIDE (__bss_end, .)
                0x000014ce                __data_load_start = LOADADDR (.data)
                0x00001840                __data_load_end = (__data_load_start + SIZEOF (.data))

.noinit         0x008003d2        0x0
                [!provide]                PROVIDE (__noinit_start, .)
 *(.noinit*)
                [!provide]                PROVIDE (__noinit_end, .)
                0x008003d2                _end = .
                [!provide]                PROVIDE (__heap_start, .)

.eeprom         0x00810000        0x0
 *(.eeprom*)
                0x00810000                __eeprom_end = .

.fuse
 *(.fuse)
 *(.lfuse)
 *(.hfuse)
 *(.efuse)

.lock
 *(.lock*)

.signature
 *(.signature*)

.user_signatures
 *(.user_signatures*)

.stab
 *(.stab)

.stabstr
 *(.stabstr)

.stab.excl
 *(.stab.excl)

.stab.exclstr
 *(.stab.exclstr)

.stab.index
 *(.stab.index)

.stab.indexstr
 *(.stab.indexstr)

.comment        0x00000000       0x11
 *(.comment)
 .comment       0x00000000       0x11 main.o
                                 0x12 (size before relaxing)
 .comment       0x00000011       0x12 DIO_prog.o
 .comment       0x00000011       0x12 ADC_prog.o
 .comment       0x00000011       0x12 EXT0_prog.o
 .comment       0x00000011       0x12 GIE_prog.o
 .comment       0x00000011       0x12 TIMER0_prog.o
 .comment       0x00000011       0x12 UART_prog.o
 .comment       0x00000011       0x12 SPI_prog.o
 .comment       0x00000011       0x12 EEPROM_prog.o
 .comment       0x00000011       0x12 KEYPAD_prog.o
 .comment       0x00000011       0x12 LCD_prog.o
 .comment       0x00000011       0x12 MENU.o
 .comment       0x00000011       0x12 RELAY_prog.o
 .comment       0x00000011       0x12 LM35_Interface.o
 .comment       0x00000011       0x12 MOTOR_Interface.o
 .comment       0x00000011       0x12 BUZZER_prog.o

.note.gnu.avr.deviceinfo
                0x00000000       0x3c
 .note.gnu.avr.deviceinfo
                0x00000000       0x3c c:/users/win10/downloads/avr~/avr/bin/../lib/gcc/avr/7.3.0/../../../../avr/lib/avr5/crtatmega32.o

.note.gnu.build-id
 *(.note.gnu.build-id)

.debug
 *(.debug)

.line
 *(.line)

.debug_srcinfo
 *(.debug_srcinfo)

.debug_sfnames
 *(.debug_sfnames)

.debug_aranges  0x00000000       0x60
 *(.debug_aranges)
 .debug_aranges
                0x00000000       0x20 c:/users/win10/downloads/avr~/avr/bin/../lib/gcc/avr/7.3.0/avr5\libgcc.a(_udivmodhi4.o)
 .debug_aranges
                0x00000020       0x20 c:/users/win10/downloads/avr~/avr/bin/../lib/gcc/avr/7.3.0/avr5\libgcc.a(_exit.o)
 .debug_aranges
                0x00000040       0x20 c:/users/win10/downloads/avr~/avr/bin/../lib/gcc/avr/7.3.0/avr5\libgcc.a(_copy_data.o)

.debug_pubnames
 *(.debug_pubnames)

.debug_info     0x00000000      0x717
 *(.debug_info .gnu.linkonce.wi.*)
 .debug_info    0x00000000      0x4e6 c:/users/win10/downloads/avr~/avr/bin/../lib/gcc/avr/7.3.0/../../../../avr/lib/avr5/crtatmega32.o
 .debug_info    0x000004e6       0xbb c:/users/win10/downloads/avr~/avr/bin/../lib/gcc/avr/7.3.0/avr5\libgcc.a(_udivmodhi4.o)
 .debug_info    0x000005a1       0xbb c:/users/win10/downloads/avr~/avr/bin/../lib/gcc/avr/7.3.0/avr5\libgcc.a(_exit.o)
 .debug_info    0x0000065c       0xbb c:/users/win10/downloads/avr~/avr/bin/../lib/gcc/avr/7.3.0/avr5\libgcc.a(_copy_data.o)

.debug_abbrev   0x00000000      0x4df
 *(.debug_abbrev)
 .debug_abbrev  0x00000000      0x4a3 c:/users/win10/downloads/avr~/avr/bin/../lib/gcc/avr/7.3.0/../../../../avr/lib/avr5/crtatmega32.o
 .debug_abbrev  0x000004a3       0x14 c:/users/win10/downloads/avr~/avr/bin/../lib/gcc/avr/7.3.0/avr5\libgcc.a(_udivmodhi4.o)
 .debug_abbrev  0x000004b7       0x14 c:/users/win10/downloads/avr~/avr/bin/../lib/gcc/avr/7.3.0/avr5\libgcc.a(_exit.o)
 .debug_abbrev  0x000004cb       0x14 c:/users/win10/downloads/avr~/avr/bin/../lib/gcc/avr/7.3.0/avr5\libgcc.a(_copy_data.o)

.debug_line     0x00000000      0x1e2
 *(.debug_line .debug_line.* .debug_line_end)
 .debug_line    0x00000000       0x1a c:/users/win10/downloads/avr~/avr/bin/../lib/gcc/avr/7.3.0/../../../../avr/lib/avr5/crtatmega32.o
 .debug_line    0x0000001a       0xce c:/users/win10/downloads/avr~/avr/bin/../lib/gcc/avr/7.3.0/avr5\libgcc.a(_udivmodhi4.o)
 .debug_line    0x000000e8       0x62 c:/users/win10/downloads/avr~/avr/bin/../lib/gcc/avr/7.3.0/avr5\libgcc.a(_exit.o)
 .debug_line    0x0000014a       0x98 c:/users/win10/downloads/avr~/avr/bin/../lib/gcc/avr/7.3.0/avr5\libgcc.a(_copy_data.o)

.debug_frame
 *(.debug_frame)

.debug_str      0x00000000      0x196
 *(.debug_str)
 .debug_str     0x00000000      0x196 c:/users/win10/downloads/avr~/avr/bin/../lib/gcc/avr/7.3.0/../../../../avr/lib/avr5/crtatmega32.o

.debug_loc
 *(.debug_loc)

.debug_macinfo
 *(.debug_macinfo)

.debug_weaknames
 *(.debug_weaknames)

.debug_funcnames
 *(.debug_funcnames)

.debug_typenames
 *(.debug_typenames)

.debug_varnames
 *(.debug_varnames)

.debug_pubtypes
 *(.debug_pubtypes)

.debug_ranges
 *(.debug_ranges)

.debug_macro
 *(.debug_macro)
OUTPUT(main.elf elf32-avr)
LOAD linker stubs
